id	primer	target3to5	five_prime_base	three_prime_base	anneal_c	na_m	mg_m	dntp_m	primer_total_m	salt_model	expected_dangling_count	expected_delta_g_kcal	tolerance_delta_g	expected_tm_direction	expected_parameter_set	source_id	note
threeprime_target5p_GA_T	ACGTACGTACGTACGT	TGCATGCATGCATGCA		G	37	1.0	0.0	0.0	2.5e-7	monovalent	1	-0.62	1e-12	increase	santalucia-hicks-2004-dna-dangling-ends-v1	santalucia-hicks-2004-table-3	Target 5' G dangling end next to terminal T/A pair; Table 3 motif GA/T
threeprime_target5p_GT_A_unfavorable	ACGTACGTACGTACGA	TGCATGCATGCATGCT		G	37	1.0	0.0	0.0	2.5e-7	monovalent	1	0.48	1e-12	decrease	santalucia-hicks-2004-dna-dangling-ends-v1	santalucia-hicks-2004-table-3	Target 5' G dangling end next to terminal A/T pair; Table 3 motif GT/A is unfavorable
fiveprime_target3p_TC_A	ACGTACGTACGTACGT	TGCATGCATGCATGCA	C		37	1.0	0.0	0.0	2.5e-7	monovalent	1	-0.19	1e-12	increase	santalucia-hicks-2004-dna-dangling-ends-v1	santalucia-hicks-2004-table-3	Target 3' C dangling end next to terminal A/T pair; Table 3 motif TC/A
both_target_dangles	ACGTACGTACGTACGT	TGCATGCATGCATGCA	C	G	37	1.0	0.0	0.0	2.5e-7	monovalent	2	-0.81	1e-12	increase	santalucia-hicks-2004-dna-dangling-ends-v1	santalucia-hicks-2004-table-3	Both target/template dangling ends are summed
fiveprime_target3p_AC_T_unfavorable	TCGTACGTACGTACGT	AGCATGCATGCATGCA	C		37	1.0	0.0	0.0	2.5e-7	monovalent	1	0.28	1e-12	decrease	santalucia-hicks-2004-dna-dangling-ends-v1	santalucia-hicks-2004-table-3	Target 3' C dangling end next to terminal T/A pair; Table 3 motif AC/T is unfavorable
