id	template_end	dangling_base	terminal_primer_base	terminal_target_base	expected_delta_h_kcal	expected_delta_s_cal_k	expected_delta_g37_kcal	tolerance	expected_parameter_set	source_id	note
template_5p_A_TA	5p	A	T	A	0.20	2.289215	-0.51	0.00001	santalucia-hicks-2004-dna-dangling-ends-v1	santalucia-hicks-2004-table-3	SantaLucia-Hicks 2004 Table 3 5p dangling motif AA/T
template_5p_C_TA	5p	C	T	A	0.60	3.288731	-0.42	0.00001	santalucia-hicks-2004-dna-dangling-ends-v1	santalucia-hicks-2004-table-3	SantaLucia-Hicks 2004 Table 3 5p dangling motif CA/T
template_5p_G_TA	5p	G	T	A	-1.10	-1.547638	-0.62	0.00001	santalucia-hicks-2004-dna-dangling-ends-v1	santalucia-hicks-2004-table-3	SantaLucia-Hicks 2004 Table 3 5p dangling motif GA/T
template_5p_T_TA	5p	T	T	A	-6.90	-19.958085	-0.71	0.00001	santalucia-hicks-2004-dna-dangling-ends-v1	santalucia-hicks-2004-table-3	SantaLucia-Hicks 2004 Table 3 5p dangling motif TA/T
template_5p_A_GC	5p	A	G	C	-6.30	-17.217475	-0.96	0.00001	santalucia-hicks-2004-dna-dangling-ends-v1	santalucia-hicks-2004-table-3	SantaLucia-Hicks 2004 Table 3 5p dangling motif AC/G
template_5p_C_GC	5p	C	G	C	-4.40	-12.510076	-0.52	0.00001	santalucia-hicks-2004-dna-dangling-ends-v1	santalucia-hicks-2004-table-3	SantaLucia-Hicks 2004 Table 3 5p dangling motif CC/G
template_5p_G_GC	5p	G	G	C	-5.10	-14.122199	-0.72	0.00001	santalucia-hicks-2004-dna-dangling-ends-v1	santalucia-hicks-2004-table-3	SantaLucia-Hicks 2004 Table 3 5p dangling motif GC/G
template_5p_T_GC	5p	T	G	C	-4.00	-11.026922	-0.58	0.00001	santalucia-hicks-2004-dna-dangling-ends-v1	santalucia-hicks-2004-table-3	SantaLucia-Hicks 2004 Table 3 5p dangling motif TC/G
template_5p_A_CG	5p	A	C	G	-3.70	-10.059649	-0.58	0.00001	santalucia-hicks-2004-dna-dangling-ends-v1	santalucia-hicks-2004-table-3	SantaLucia-Hicks 2004 Table 3 5p dangling motif AG/C
template_5p_C_CG	5p	C	C	G	-4.00	-11.800742	-0.34	0.00001	santalucia-hicks-2004-dna-dangling-ends-v1	santalucia-hicks-2004-table-3	SantaLucia-Hicks 2004 Table 3 5p dangling motif CG/C
template_5p_G_CG	5p	G	C	G	-3.90	-10.768983	-0.56	0.00001	santalucia-hicks-2004-dna-dangling-ends-v1	santalucia-hicks-2004-table-3	SantaLucia-Hicks 2004 Table 3 5p dangling motif GG/C
template_5p_T_CG	5p	T	C	G	-4.90	-13.832017	-0.61	0.00001	santalucia-hicks-2004-dna-dangling-ends-v1	santalucia-hicks-2004-table-3	SantaLucia-Hicks 2004 Table 3 5p dangling motif TG/C
template_5p_A_AT	5p	A	A	T	-2.90	-7.738191	-0.50	0.00001	santalucia-hicks-2004-dna-dangling-ends-v1	santalucia-hicks-2004-table-3	SantaLucia-Hicks 2004 Table 3 5p dangling motif AT/A
template_5p_C_AT	5p	C	A	T	-4.10	-13.154925	-0.02	0.00001	santalucia-hicks-2004-dna-dangling-ends-v1	santalucia-hicks-2004-table-3	SantaLucia-Hicks 2004 Table 3 5p dangling motif CT/A
template_5p_G_AT	5p	G	A	T	-4.20	-15.089473	0.48	0.00001	santalucia-hicks-2004-dna-dangling-ends-v1	santalucia-hicks-2004-table-3	SantaLucia-Hicks 2004 Table 3 5p dangling motif GT/A
template_5p_T_AT	5p	T	A	T	-0.20	-0.322425	-0.10	0.00001	santalucia-hicks-2004-dna-dangling-ends-v1	santalucia-hicks-2004-table-3	SantaLucia-Hicks 2004 Table 3 5p dangling motif TT/A
template_3p_A_TA	3p	A	T	A	-0.50	-1.225214	-0.12	0.00001	santalucia-hicks-2004-dna-dangling-ends-v1	santalucia-hicks-2004-table-3	SantaLucia-Hicks 2004 Table 3 3p dangling motif AA/T
template_3p_C_TA	3p	C	T	A	4.70	14.251169	0.28	0.00001	santalucia-hicks-2004-dna-dangling-ends-v1	santalucia-hicks-2004-table-3	SantaLucia-Hicks 2004 Table 3 3p dangling motif AC/T
template_3p_G_TA	3p	G	T	A	-4.10	-13.187167	-0.01	0.00001	santalucia-hicks-2004-dna-dangling-ends-v1	santalucia-hicks-2004-table-3	SantaLucia-Hicks 2004 Table 3 3p dangling motif AG/T
template_3p_T_TA	3p	T	T	A	-3.80	-12.671288	0.13	0.00001	santalucia-hicks-2004-dna-dangling-ends-v1	santalucia-hicks-2004-table-3	SantaLucia-Hicks 2004 Table 3 3p dangling motif AT/T
template_3p_A_GC	3p	A	G	C	-5.90	-16.379171	-0.82	0.00001	santalucia-hicks-2004-dna-dangling-ends-v1	santalucia-hicks-2004-table-3	SantaLucia-Hicks 2004 Table 3 3p dangling motif CA/G
template_3p_C_GC	3p	C	G	C	-2.60	-7.383524	-0.31	0.00001	santalucia-hicks-2004-dna-dangling-ends-v1	santalucia-hicks-2004-table-3	SantaLucia-Hicks 2004 Table 3 3p dangling motif CC/G
template_3p_G_GC	3p	G	G	C	-3.20	-10.285346	-0.01	0.00001	santalucia-hicks-2004-dna-dangling-ends-v1	santalucia-hicks-2004-table-3	SantaLucia-Hicks 2004 Table 3 3p dangling motif CG/G
template_3p_T_GC	3p	T	G	C	-5.20	-15.089473	-0.52	0.00001	santalucia-hicks-2004-dna-dangling-ends-v1	santalucia-hicks-2004-table-3	SantaLucia-Hicks 2004 Table 3 3p dangling motif CT/G
template_3p_A_CG	3p	A	C	G	-2.10	-3.804611	-0.92	0.00001	santalucia-hicks-2004-dna-dangling-ends-v1	santalucia-hicks-2004-table-3	SantaLucia-Hicks 2004 Table 3 3p dangling motif GA/C
template_3p_C_CG	3p	C	C	G	-0.20	0.096727	-0.23	0.00001	santalucia-hicks-2004-dna-dangling-ends-v1	santalucia-hicks-2004-table-3	SantaLucia-Hicks 2004 Table 3 3p dangling motif GC/C
template_3p_G_CG	3p	G	C	G	-3.90	-11.155892	-0.44	0.00001	santalucia-hicks-2004-dna-dangling-ends-v1	santalucia-hicks-2004-table-3	SantaLucia-Hicks 2004 Table 3 3p dangling motif GG/C
template_3p_T_CG	3p	T	C	G	-4.40	-13.058198	-0.35	0.00001	santalucia-hicks-2004-dna-dangling-ends-v1	santalucia-hicks-2004-table-3	SantaLucia-Hicks 2004 Table 3 3p dangling motif GT/C
template_3p_A_AT	3p	A	A	T	-0.70	-0.709334	-0.48	0.00001	santalucia-hicks-2004-dna-dangling-ends-v1	santalucia-hicks-2004-table-3	SantaLucia-Hicks 2004 Table 3 3p dangling motif TA/A
template_3p_C_AT	3p	C	A	T	4.40	14.799291	-0.19	0.00001	santalucia-hicks-2004-dna-dangling-ends-v1	santalucia-hicks-2004-table-3	SantaLucia-Hicks 2004 Table 3 3p dangling motif TC/A
template_3p_G_AT	3p	G	A	T	-1.60	-3.546671	-0.50	0.00001	santalucia-hicks-2004-dna-dangling-ends-v1	santalucia-hicks-2004-table-3	SantaLucia-Hicks 2004 Table 3 3p dangling motif TG/A
template_3p_T_AT	3p	T	A	T	2.90	10.285346	-0.29	0.00001	santalucia-hicks-2004-dna-dangling-ends-v1	santalucia-hicks-2004-table-3	SantaLucia-Hicks 2004 Table 3 3p dangling motif TT/A
