id	primer	target	anneal_c	na_m	mg_m	dntp_m	salt_model	expected_mismatch_count	expected_triplet_count	expected_fallback_count	expected_parameter_set	expected_delta_delta_g_kcal	tolerance_delta_g	expected_tm_direction	source_id	note
aa_aaa_tat	CCAAACC	GGTATGG	37	1.0	0.0	0.0	monovalent	1	1	0	santalucia-hicks-2004-internal-mismatch-compiled-dimer-gauge-v1	3.30	1e-9	decrease	SLH2004_T2_internal_mismatch_compiled_dimer_gauge	A/A in A/T and A/T flanks
aa_aac_tag	CCAACCC	GGTAGGG	37	1.0	0.0	0.0	monovalent	1	1	0	santalucia-hicks-2004-internal-mismatch-compiled-dimer-gauge-v1	3.22	1e-9	decrease	SLH2004_T2_internal_mismatch_compiled_dimer_gauge	A/A in A/T and C/G flanks
aa_aag_tac	CCAAGCC	GGTACGG	37	1.0	0.0	0.0	monovalent	1	1	0	santalucia-hicks-2004-internal-mismatch-compiled-dimer-gauge-v1	3.32	1e-9	decrease	SLH2004_T2_internal_mismatch_compiled_dimer_gauge	A/A in A/T and G/C flanks
aa_aat_taa	CCAATCC	GGTAAGG	37	1.0	0.0	0.0	monovalent	1	1	0	santalucia-hicks-2004-internal-mismatch-compiled-dimer-gauge-v1	3.10	1e-9	decrease	SLH2004_T2_internal_mismatch_compiled_dimer_gauge	A/A in A/T and T/A flanks
aa_caa_gat	CCCAACC	GGGATGG	37	1.0	0.0	0.0	monovalent	1	1	0	santalucia-hicks-2004-internal-mismatch-compiled-dimer-gauge-v1	3.57	1e-9	decrease	SLH2004_T2_internal_mismatch_compiled_dimer_gauge	A/A in C/G and A/T flanks
aa_cac_gag	CCCACCC	GGGAGGG	37	1.0	0.0	0.0	monovalent	1	1	0	santalucia-hicks-2004-internal-mismatch-compiled-dimer-gauge-v1	3.49	1e-9	decrease	SLH2004_T2_internal_mismatch_compiled_dimer_gauge	A/A in C/G and C/G flanks
aa_cag_gac	CCCAGCC	GGGACGG	37	1.0	0.0	0.0	monovalent	1	1	0	santalucia-hicks-2004-internal-mismatch-compiled-dimer-gauge-v1	3.59	1e-9	decrease	SLH2004_T2_internal_mismatch_compiled_dimer_gauge	A/A in C/G and G/C flanks
aa_cat_gaa	CCCATCC	GGGAAGG	37	1.0	0.0	0.0	monovalent	1	1	0	santalucia-hicks-2004-internal-mismatch-compiled-dimer-gauge-v1	3.37	1e-9	decrease	SLH2004_T2_internal_mismatch_compiled_dimer_gauge	A/A in C/G and T/A flanks
aa_gaa_cat	CCGAACC	GGCATGG	37	1.0	0.0	0.0	monovalent	1	1	0	santalucia-hicks-2004-internal-mismatch-compiled-dimer-gauge-v1	3.16	1e-9	decrease	SLH2004_T2_internal_mismatch_compiled_dimer_gauge	A/A in G/C and A/T flanks
aa_gac_cag	CCGACCC	GGCAGGG	37	1.0	0.0	0.0	monovalent	1	1	0	santalucia-hicks-2004-internal-mismatch-compiled-dimer-gauge-v1	3.08	1e-9	decrease	SLH2004_T2_internal_mismatch_compiled_dimer_gauge	A/A in G/C and C/G flanks
aa_gag_cac	CCGAGCC	GGCACGG	37	1.0	0.0	0.0	monovalent	1	1	0	santalucia-hicks-2004-internal-mismatch-compiled-dimer-gauge-v1	3.18	1e-9	decrease	SLH2004_T2_internal_mismatch_compiled_dimer_gauge	A/A in G/C and G/C flanks
aa_gat_caa	CCGATCC	GGCAAGG	37	1.0	0.0	0.0	monovalent	1	1	0	santalucia-hicks-2004-internal-mismatch-compiled-dimer-gauge-v1	2.96	1e-9	decrease	SLH2004_T2_internal_mismatch_compiled_dimer_gauge	A/A in G/C and T/A flanks
aa_taa_aat	CCTAACC	GGAATGG	37	1.0	0.0	0.0	monovalent	1	1	0	santalucia-hicks-2004-internal-mismatch-compiled-dimer-gauge-v1	2.96	1e-9	decrease	SLH2004_T2_internal_mismatch_compiled_dimer_gauge	A/A in T/A and A/T flanks
aa_tac_aag	CCTACCC	GGAAGGG	37	1.0	0.0	0.0	monovalent	1	1	0	santalucia-hicks-2004-internal-mismatch-compiled-dimer-gauge-v1	2.88	1e-9	decrease	SLH2004_T2_internal_mismatch_compiled_dimer_gauge	A/A in T/A and C/G flanks
aa_tag_aac	CCTAGCC	GGAACGG	37	1.0	0.0	0.0	monovalent	1	1	0	santalucia-hicks-2004-internal-mismatch-compiled-dimer-gauge-v1	2.98	1e-9	decrease	SLH2004_T2_internal_mismatch_compiled_dimer_gauge	A/A in T/A and G/C flanks
aa_tat_aaa	CCTATCC	GGAAAGG	37	1.0	0.0	0.0	monovalent	1	1	0	santalucia-hicks-2004-internal-mismatch-compiled-dimer-gauge-v1	2.76	1e-9	decrease	SLH2004_T2_internal_mismatch_compiled_dimer_gauge	A/A in T/A and T/A flanks
ac_aaa_tct	CCAAACC	GGTCTGG	37	1.0	0.0	0.0	monovalent	1	1	0	santalucia-hicks-2004-internal-mismatch-compiled-dimer-gauge-v1	4.21	1e-9	decrease	SLH2004_T2_internal_mismatch_compiled_dimer_gauge	A/C in A/T and A/T flanks
ac_aac_tcg	CCAACCC	GGTCGGG	37	1.0	0.0	0.0	monovalent	1	1	0	santalucia-hicks-2004-internal-mismatch-compiled-dimer-gauge-v1	3.79	1e-9	decrease	SLH2004_T2_internal_mismatch_compiled_dimer_gauge	A/C in A/T and C/G flanks
ac_aag_tcc	CCAAGCC	GGTCCGG	37	1.0	0.0	0.0	monovalent	1	1	0	santalucia-hicks-2004-internal-mismatch-compiled-dimer-gauge-v1	3.95	1e-9	decrease	SLH2004_T2_internal_mismatch_compiled_dimer_gauge	A/C in A/T and G/C flanks
ac_aat_tca	CCAATCC	GGTCAGG	37	1.0	0.0	0.0	monovalent	1	1	0	santalucia-hicks-2004-internal-mismatch-compiled-dimer-gauge-v1	3.53	1e-9	decrease	SLH2004_T2_internal_mismatch_compiled_dimer_gauge	A/C in A/T and T/A flanks
ac_caa_gct	CCCAACC	GGGCTGG	37	1.0	0.0	0.0	monovalent	1	1	0	santalucia-hicks-2004-internal-mismatch-compiled-dimer-gauge-v1	4.53	1e-9	decrease	SLH2004_T2_internal_mismatch_compiled_dimer_gauge	A/C in C/G and A/T flanks
ac_cac_gcg	CCCACCC	GGGCGGG	37	1.0	0.0	0.0	monovalent	1	1	0	santalucia-hicks-2004-internal-mismatch-compiled-dimer-gauge-v1	4.11	1e-9	decrease	SLH2004_T2_internal_mismatch_compiled_dimer_gauge	A/C in C/G and C/G flanks
ac_cag_gcc	CCCAGCC	GGGCCGG	37	1.0	0.0	0.0	monovalent	1	1	0	santalucia-hicks-2004-internal-mismatch-compiled-dimer-gauge-v1	4.27	1e-9	decrease	SLH2004_T2_internal_mismatch_compiled_dimer_gauge	A/C in C/G and G/C flanks
ac_cat_gca	CCCATCC	GGGCAGG	37	1.0	0.0	0.0	monovalent	1	1	0	santalucia-hicks-2004-internal-mismatch-compiled-dimer-gauge-v1	3.85	1e-9	decrease	SLH2004_T2_internal_mismatch_compiled_dimer_gauge	A/C in C/G and T/A flanks
ac_gaa_cct	CCGAACC	GGCCTGG	37	1.0	0.0	0.0	monovalent	1	1	0	santalucia-hicks-2004-internal-mismatch-compiled-dimer-gauge-v1	4.44	1e-9	decrease	SLH2004_T2_internal_mismatch_compiled_dimer_gauge	A/C in G/C and A/T flanks
ac_gac_ccg	CCGACCC	GGCCGGG	37	1.0	0.0	0.0	monovalent	1	1	0	santalucia-hicks-2004-internal-mismatch-compiled-dimer-gauge-v1	4.02	1e-9	decrease	SLH2004_T2_internal_mismatch_compiled_dimer_gauge	A/C in G/C and C/G flanks
ac_gag_ccc	CCGAGCC	GGCCCGG	37	1.0	0.0	0.0	monovalent	1	1	0	santalucia-hicks-2004-internal-mismatch-compiled-dimer-gauge-v1	4.18	1e-9	decrease	SLH2004_T2_internal_mismatch_compiled_dimer_gauge	A/C in G/C and G/C flanks
ac_gat_cca	CCGATCC	GGCCAGG	37	1.0	0.0	0.0	monovalent	1	1	0	santalucia-hicks-2004-internal-mismatch-compiled-dimer-gauge-v1	3.76	1e-9	decrease	SLH2004_T2_internal_mismatch_compiled_dimer_gauge	A/C in G/C and T/A flanks
ac_taa_act	CCTAACC	GGACTGG	37	1.0	0.0	0.0	monovalent	1	1	0	santalucia-hicks-2004-internal-mismatch-compiled-dimer-gauge-v1	3.83	1e-9	decrease	SLH2004_T2_internal_mismatch_compiled_dimer_gauge	A/C in T/A and A/T flanks
ac_tac_acg	CCTACCC	GGACGGG	37	1.0	0.0	0.0	monovalent	1	1	0	santalucia-hicks-2004-internal-mismatch-compiled-dimer-gauge-v1	3.41	1e-9	decrease	SLH2004_T2_internal_mismatch_compiled_dimer_gauge	A/C in T/A and C/G flanks
ac_tag_acc	CCTAGCC	GGACCGG	37	1.0	0.0	0.0	monovalent	1	1	0	santalucia-hicks-2004-internal-mismatch-compiled-dimer-gauge-v1	3.57	1e-9	decrease	SLH2004_T2_internal_mismatch_compiled_dimer_gauge	A/C in T/A and G/C flanks
ac_tat_aca	CCTATCC	GGACAGG	37	1.0	0.0	0.0	monovalent	1	1	0	santalucia-hicks-2004-internal-mismatch-compiled-dimer-gauge-v1	3.15	1e-9	decrease	SLH2004_T2_internal_mismatch_compiled_dimer_gauge	A/C in T/A and T/A flanks
ag_aaa_tgt	CCAAACC	GGTGTGG	37	1.0	0.0	0.0	monovalent	1	1	0	santalucia-hicks-2004-internal-mismatch-compiled-dimer-gauge-v1	2.88	1e-9	decrease	SLH2004_T2_internal_mismatch_compiled_dimer_gauge	A/G in A/T and A/T flanks
ag_aac_tgg	CCAACCC	GGTGGGG	37	1.0	0.0	0.0	monovalent	1	1	0	santalucia-hicks-2004-internal-mismatch-compiled-dimer-gauge-v1	2.06	1e-9	decrease	SLH2004_T2_internal_mismatch_compiled_dimer_gauge	A/G in A/T and C/G flanks
ag_aag_tgc	CCAAGCC	GGTGCGG	37	1.0	0.0	0.0	monovalent	1	1	0	santalucia-hicks-2004-internal-mismatch-compiled-dimer-gauge-v1	2.53	1e-9	decrease	SLH2004_T2_internal_mismatch_compiled_dimer_gauge	A/G in A/T and G/C flanks
ag_aat_tga	CCAATCC	GGTGAGG	37	1.0	0.0	0.0	monovalent	1	1	0	santalucia-hicks-2004-internal-mismatch-compiled-dimer-gauge-v1	2.04	1e-9	decrease	SLH2004_T2_internal_mismatch_compiled_dimer_gauge	A/G in A/T and T/A flanks
ag_caa_ggt	CCCAACC	GGGGTGG	37	1.0	0.0	0.0	monovalent	1	1	0	santalucia-hicks-2004-internal-mismatch-compiled-dimer-gauge-v1	3.22	1e-9	decrease	SLH2004_T2_internal_mismatch_compiled_dimer_gauge	A/G in C/G and A/T flanks
ag_cac_ggg	CCCACCC	GGGGGGG	37	1.0	0.0	0.0	monovalent	1	1	0	santalucia-hicks-2004-internal-mismatch-compiled-dimer-gauge-v1	2.40	1e-9	decrease	SLH2004_T2_internal_mismatch_compiled_dimer_gauge	A/G in C/G and C/G flanks
ag_cag_ggc	CCCAGCC	GGGGCGG	37	1.0	0.0	0.0	monovalent	1	1	0	santalucia-hicks-2004-internal-mismatch-compiled-dimer-gauge-v1	2.87	1e-9	decrease	SLH2004_T2_internal_mismatch_compiled_dimer_gauge	A/G in C/G and G/C flanks
ag_cat_gga	CCCATCC	GGGGAGG	37	1.0	0.0	0.0	monovalent	1	1	0	santalucia-hicks-2004-internal-mismatch-compiled-dimer-gauge-v1	2.38	1e-9	decrease	SLH2004_T2_internal_mismatch_compiled_dimer_gauge	A/G in C/G and T/A flanks
ag_gaa_cgt	CCGAACC	GGCGTGG	37	1.0	0.0	0.0	monovalent	1	1	0	santalucia-hicks-2004-internal-mismatch-compiled-dimer-gauge-v1	2.79	1e-9	decrease	SLH2004_T2_internal_mismatch_compiled_dimer_gauge	A/G in G/C and A/T flanks
ag_gac_cgg	CCGACCC	GGCGGGG	37	1.0	0.0	0.0	monovalent	1	1	0	santalucia-hicks-2004-internal-mismatch-compiled-dimer-gauge-v1	1.97	1e-9	decrease	SLH2004_T2_internal_mismatch_compiled_dimer_gauge	A/G in G/C and C/G flanks
ag_gag_cgc	CCGAGCC	GGCGCGG	37	1.0	0.0	0.0	monovalent	1	1	0	santalucia-hicks-2004-internal-mismatch-compiled-dimer-gauge-v1	2.44	1e-9	decrease	SLH2004_T2_internal_mismatch_compiled_dimer_gauge	A/G in G/C and G/C flanks
ag_gat_cga	CCGATCC	GGCGAGG	37	1.0	0.0	0.0	monovalent	1	1	0	santalucia-hicks-2004-internal-mismatch-compiled-dimer-gauge-v1	1.95	1e-9	decrease	SLH2004_T2_internal_mismatch_compiled_dimer_gauge	A/G in G/C and T/A flanks
ag_taa_agt	CCTAACC	GGAGTGG	37	1.0	0.0	0.0	monovalent	1	1	0	santalucia-hicks-2004-internal-mismatch-compiled-dimer-gauge-v1	2.74	1e-9	decrease	SLH2004_T2_internal_mismatch_compiled_dimer_gauge	A/G in T/A and A/T flanks
ag_tac_agg	CCTACCC	GGAGGGG	37	1.0	0.0	0.0	monovalent	1	1	0	santalucia-hicks-2004-internal-mismatch-compiled-dimer-gauge-v1	1.92	1e-9	decrease	SLH2004_T2_internal_mismatch_compiled_dimer_gauge	A/G in T/A and C/G flanks
ag_tag_agc	CCTAGCC	GGAGCGG	37	1.0	0.0	0.0	monovalent	1	1	0	santalucia-hicks-2004-internal-mismatch-compiled-dimer-gauge-v1	2.39	1e-9	decrease	SLH2004_T2_internal_mismatch_compiled_dimer_gauge	A/G in T/A and G/C flanks
ag_tat_aga	CCTATCC	GGAGAGG	37	1.0	0.0	0.0	monovalent	1	1	0	santalucia-hicks-2004-internal-mismatch-compiled-dimer-gauge-v1	1.90	1e-9	decrease	SLH2004_T2_internal_mismatch_compiled_dimer_gauge	A/G in T/A and T/A flanks
ca_aca_tat	CCACACC	GGTATGG	37	1.0	0.0	0.0	monovalent	1	1	0	santalucia-hicks-2004-internal-mismatch-compiled-dimer-gauge-v1	4.58	1e-9	decrease	SLH2004_T2_internal_mismatch_compiled_dimer_gauge	C/A in A/T and A/T flanks
ca_acc_tag	CCACCCC	GGTAGGG	37	1.0	0.0	0.0	monovalent	1	1	0	santalucia-hicks-2004-internal-mismatch-compiled-dimer-gauge-v1	4.86	1e-9	decrease	SLH2004_T2_internal_mismatch_compiled_dimer_gauge	C/A in A/T and C/G flanks
ca_acg_tac	CCACGCC	GGTACGG	37	1.0	0.0	0.0	monovalent	1	1	0	santalucia-hicks-2004-internal-mismatch-compiled-dimer-gauge-v1	5.13	1e-9	decrease	SLH2004_T2_internal_mismatch_compiled_dimer_gauge	C/A in A/T and G/C flanks
ca_act_taa	CCACTCC	GGTAAGG	37	1.0	0.0	0.0	monovalent	1	1	0	santalucia-hicks-2004-internal-mismatch-compiled-dimer-gauge-v1	4.37	1e-9	decrease	SLH2004_T2_internal_mismatch_compiled_dimer_gauge	C/A in A/T and T/A flanks
ca_cca_gat	CCCCACC	GGGATGG	37	1.0	0.0	0.0	monovalent	1	1	0	santalucia-hicks-2004-internal-mismatch-compiled-dimer-gauge-v1	5.00	1e-9	decrease	SLH2004_T2_internal_mismatch_compiled_dimer_gauge	C/A in C/G and A/T flanks
ca_ccc_gag	CCCCCCC	GGGAGGG	37	1.0	0.0	0.0	monovalent	1	1	0	santalucia-hicks-2004-internal-mismatch-compiled-dimer-gauge-v1	5.28	1e-9	decrease	SLH2004_T2_internal_mismatch_compiled_dimer_gauge	C/A in C/G and C/G flanks
ca_ccg_gac	CCCCGCC	GGGACGG	37	1.0	0.0	0.0	monovalent	1	1	0	santalucia-hicks-2004-internal-mismatch-compiled-dimer-gauge-v1	5.55	1e-9	decrease	SLH2004_T2_internal_mismatch_compiled_dimer_gauge	C/A in C/G and G/C flanks
ca_cct_gaa	CCCCTCC	GGGAAGG	37	1.0	0.0	0.0	monovalent	1	1	0	santalucia-hicks-2004-internal-mismatch-compiled-dimer-gauge-v1	4.79	1e-9	decrease	SLH2004_T2_internal_mismatch_compiled_dimer_gauge	C/A in C/G and T/A flanks
ca_gca_cat	CCGCACC	GGCATGG	37	1.0	0.0	0.0	monovalent	1	1	0	santalucia-hicks-2004-internal-mismatch-compiled-dimer-gauge-v1	5.08	1e-9	decrease	SLH2004_T2_internal_mismatch_compiled_dimer_gauge	C/A in G/C and A/T flanks
ca_gcc_cag	CCGCCCC	GGCAGGG	37	1.0	0.0	0.0	monovalent	1	1	0	santalucia-hicks-2004-internal-mismatch-compiled-dimer-gauge-v1	5.36	1e-9	decrease	SLH2004_T2_internal_mismatch_compiled_dimer_gauge	C/A in G/C and C/G flanks
ca_gcg_cac	CCGCGCC	GGCACGG	37	1.0	0.0	0.0	monovalent	1	1	0	santalucia-hicks-2004-internal-mismatch-compiled-dimer-gauge-v1	5.63	1e-9	decrease	SLH2004_T2_internal_mismatch_compiled_dimer_gauge	C/A in G/C and G/C flanks
ca_gct_caa	CCGCTCC	GGCAAGG	37	1.0	0.0	0.0	monovalent	1	1	0	santalucia-hicks-2004-internal-mismatch-compiled-dimer-gauge-v1	4.87	1e-9	decrease	SLH2004_T2_internal_mismatch_compiled_dimer_gauge	C/A in G/C and T/A flanks
ca_tca_aat	CCTCACC	GGAATGG	37	1.0	0.0	0.0	monovalent	1	1	0	santalucia-hicks-2004-internal-mismatch-compiled-dimer-gauge-v1	5.00	1e-9	decrease	SLH2004_T2_internal_mismatch_compiled_dimer_gauge	C/A in T/A and A/T flanks
ca_tcc_aag	CCTCCCC	GGAAGGG	37	1.0	0.0	0.0	monovalent	1	1	0	santalucia-hicks-2004-internal-mismatch-compiled-dimer-gauge-v1	5.28	1e-9	decrease	SLH2004_T2_internal_mismatch_compiled_dimer_gauge	C/A in T/A and C/G flanks
ca_tcg_aac	CCTCGCC	GGAACGG	37	1.0	0.0	0.0	monovalent	1	1	0	santalucia-hicks-2004-internal-mismatch-compiled-dimer-gauge-v1	5.55	1e-9	decrease	SLH2004_T2_internal_mismatch_compiled_dimer_gauge	C/A in T/A and G/C flanks
ca_tct_aaa	CCTCTCC	GGAAAGG	37	1.0	0.0	0.0	monovalent	1	1	0	santalucia-hicks-2004-internal-mismatch-compiled-dimer-gauge-v1	4.79	1e-9	decrease	SLH2004_T2_internal_mismatch_compiled_dimer_gauge	C/A in T/A and T/A flanks
cc_aca_tct	CCACACC	GGTCTGG	37	1.0	0.0	0.0	monovalent	1	1	0	santalucia-hicks-2004-internal-mismatch-compiled-dimer-gauge-v1	5.27	1e-9	decrease	SLH2004_T2_internal_mismatch_compiled_dimer_gauge	C/C in A/T and A/T flanks
cc_acc_tcg	CCACCCC	GGTCGGG	37	1.0	0.0	0.0	monovalent	1	1	0	santalucia-hicks-2004-internal-mismatch-compiled-dimer-gauge-v1	5.40	1e-9	decrease	SLH2004_T2_internal_mismatch_compiled_dimer_gauge	C/C in A/T and C/G flanks
cc_acg_tcc	CCACGCC	GGTCCGG	37	1.0	0.0	0.0	monovalent	1	1	0	santalucia-hicks-2004-internal-mismatch-compiled-dimer-gauge-v1	5.64	1e-9	decrease	SLH2004_T2_internal_mismatch_compiled_dimer_gauge	C/C in A/T and G/C flanks
cc_act_tca	CCACTCC	GGTCAGG	37	1.0	0.0	0.0	monovalent	1	1	0	santalucia-hicks-2004-internal-mismatch-compiled-dimer-gauge-v1	5.38	1e-9	decrease	SLH2004_T2_internal_mismatch_compiled_dimer_gauge	C/C in A/T and T/A flanks
cc_cca_gct	CCCCACC	GGGCTGG	37	1.0	0.0	0.0	monovalent	1	1	0	santalucia-hicks-2004-internal-mismatch-compiled-dimer-gauge-v1	5.04	1e-9	decrease	SLH2004_T2_internal_mismatch_compiled_dimer_gauge	C/C in C/G and A/T flanks
cc_ccc_gcg	CCCCCCC	GGGCGGG	37	1.0	0.0	0.0	monovalent	1	1	0	santalucia-hicks-2004-internal-mismatch-compiled-dimer-gauge-v1	5.17	1e-9	decrease	SLH2004_T2_internal_mismatch_compiled_dimer_gauge	C/C in C/G and C/G flanks
cc_ccg_gcc	CCCCGCC	GGGCCGG	37	1.0	0.0	0.0	monovalent	1	1	0	santalucia-hicks-2004-internal-mismatch-compiled-dimer-gauge-v1	5.41	1e-9	decrease	SLH2004_T2_internal_mismatch_compiled_dimer_gauge	C/C in C/G and G/C flanks
cc_cct_gca	CCCCTCC	GGGCAGG	37	1.0	0.0	0.0	monovalent	1	1	0	santalucia-hicks-2004-internal-mismatch-compiled-dimer-gauge-v1	5.15	1e-9	decrease	SLH2004_T2_internal_mismatch_compiled_dimer_gauge	C/C in C/G and T/A flanks
cc_gca_cct	CCGCACC	GGCCTGG	37	1.0	0.0	0.0	monovalent	1	1	0	santalucia-hicks-2004-internal-mismatch-compiled-dimer-gauge-v1	5.53	1e-9	decrease	SLH2004_T2_internal_mismatch_compiled_dimer_gauge	C/C in G/C and A/T flanks
cc_gcc_ccg	CCGCCCC	GGCCGGG	37	1.0	0.0	0.0	monovalent	1	1	0	santalucia-hicks-2004-internal-mismatch-compiled-dimer-gauge-v1	5.66	1e-9	decrease	SLH2004_T2_internal_mismatch_compiled_dimer_gauge	C/C in G/C and C/G flanks
cc_gcg_ccc	CCGCGCC	GGCCCGG	37	1.0	0.0	0.0	monovalent	1	1	0	santalucia-hicks-2004-internal-mismatch-compiled-dimer-gauge-v1	5.90	1e-9	decrease	SLH2004_T2_internal_mismatch_compiled_dimer_gauge	C/C in G/C and G/C flanks
cc_gct_cca	CCGCTCC	GGCCAGG	37	1.0	0.0	0.0	monovalent	1	1	0	santalucia-hicks-2004-internal-mismatch-compiled-dimer-gauge-v1	5.64	1e-9	decrease	SLH2004_T2_internal_mismatch_compiled_dimer_gauge	C/C in G/C and T/A flanks
cc_tca_act	CCTCACC	GGACTGG	37	1.0	0.0	0.0	monovalent	1	1	0	santalucia-hicks-2004-internal-mismatch-compiled-dimer-gauge-v1	4.85	1e-9	decrease	SLH2004_T2_internal_mismatch_compiled_dimer_gauge	C/C in T/A and A/T flanks
cc_tcc_acg	CCTCCCC	GGACGGG	37	1.0	0.0	0.0	monovalent	1	1	0	santalucia-hicks-2004-internal-mismatch-compiled-dimer-gauge-v1	4.98	1e-9	decrease	SLH2004_T2_internal_mismatch_compiled_dimer_gauge	C/C in T/A and C/G flanks
cc_tcg_acc	CCTCGCC	GGACCGG	37	1.0	0.0	0.0	monovalent	1	1	0	santalucia-hicks-2004-internal-mismatch-compiled-dimer-gauge-v1	5.22	1e-9	decrease	SLH2004_T2_internal_mismatch_compiled_dimer_gauge	C/C in T/A and G/C flanks
cc_tct_aca	CCTCTCC	GGACAGG	37	1.0	0.0	0.0	monovalent	1	1	0	santalucia-hicks-2004-internal-mismatch-compiled-dimer-gauge-v1	4.96	1e-9	decrease	SLH2004_T2_internal_mismatch_compiled_dimer_gauge	C/C in T/A and T/A flanks
ct_aca_ttt	CCACACC	GGTTTGG	37	1.0	0.0	0.0	monovalent	1	1	0	santalucia-hicks-2004-internal-mismatch-compiled-dimer-gauge-v1	4.28	1e-9	decrease	SLH2004_T2_internal_mismatch_compiled_dimer_gauge	C/T in A/T and A/T flanks
ct_acc_ttg	CCACCCC	GGTTGGG	37	1.0	0.0	0.0	monovalent	1	1	0	santalucia-hicks-2004-internal-mismatch-compiled-dimer-gauge-v1	4.90	1e-9	decrease	SLH2004_T2_internal_mismatch_compiled_dimer_gauge	C/T in A/T and C/G flanks
ct_acg_ttc	CCACGCC	GGTTCGG	37	1.0	0.0	0.0	monovalent	1	1	0	santalucia-hicks-2004-internal-mismatch-compiled-dimer-gauge-v1	4.65	1e-9	decrease	SLH2004_T2_internal_mismatch_compiled_dimer_gauge	C/T in A/T and G/C flanks
ct_act_tta	CCACTCC	GGTTAGG	37	1.0	0.0	0.0	monovalent	1	1	0	santalucia-hicks-2004-internal-mismatch-compiled-dimer-gauge-v1	4.09	1e-9	decrease	SLH2004_T2_internal_mismatch_compiled_dimer_gauge	C/T in A/T and T/A flanks
ct_cca_gtt	CCCCACC	GGGTTGG	37	1.0	0.0	0.0	monovalent	1	1	0	santalucia-hicks-2004-internal-mismatch-compiled-dimer-gauge-v1	4.66	1e-9	decrease	SLH2004_T2_internal_mismatch_compiled_dimer_gauge	C/T in C/G and A/T flanks
ct_ccc_gtg	CCCCCCC	GGGTGGG	37	1.0	0.0	0.0	monovalent	1	1	0	santalucia-hicks-2004-internal-mismatch-compiled-dimer-gauge-v1	5.28	1e-9	decrease	SLH2004_T2_internal_mismatch_compiled_dimer_gauge	C/T in C/G and C/G flanks
ct_ccg_gtc	CCCCGCC	GGGTCGG	37	1.0	0.0	0.0	monovalent	1	1	0	santalucia-hicks-2004-internal-mismatch-compiled-dimer-gauge-v1	5.03	1e-9	decrease	SLH2004_T2_internal_mismatch_compiled_dimer_gauge	C/T in C/G and G/C flanks
ct_cct_gta	CCCCTCC	GGGTAGG	37	1.0	0.0	0.0	monovalent	1	1	0	santalucia-hicks-2004-internal-mismatch-compiled-dimer-gauge-v1	4.47	1e-9	decrease	SLH2004_T2_internal_mismatch_compiled_dimer_gauge	C/T in C/G and T/A flanks
ct_gca_ctt	CCGCACC	GGCTTGG	37	1.0	0.0	0.0	monovalent	1	1	0	santalucia-hicks-2004-internal-mismatch-compiled-dimer-gauge-v1	5.06	1e-9	decrease	SLH2004_T2_internal_mismatch_compiled_dimer_gauge	C/T in G/C and A/T flanks
ct_gcc_ctg	CCGCCCC	GGCTGGG	37	1.0	0.0	0.0	monovalent	1	1	0	santalucia-hicks-2004-internal-mismatch-compiled-dimer-gauge-v1	5.68	1e-9	decrease	SLH2004_T2_internal_mismatch_compiled_dimer_gauge	C/T in G/C and C/G flanks
ct_gcg_ctc	CCGCGCC	GGCTCGG	37	1.0	0.0	0.0	monovalent	1	1	0	santalucia-hicks-2004-internal-mismatch-compiled-dimer-gauge-v1	5.43	1e-9	decrease	SLH2004_T2_internal_mismatch_compiled_dimer_gauge	C/T in G/C and G/C flanks
ct_gct_cta	CCGCTCC	GGCTAGG	37	1.0	0.0	0.0	monovalent	1	1	0	santalucia-hicks-2004-internal-mismatch-compiled-dimer-gauge-v1	4.87	1e-9	decrease	SLH2004_T2_internal_mismatch_compiled_dimer_gauge	C/T in G/C and T/A flanks
ct_tca_att	CCTCACC	GGATTGG	37	1.0	0.0	0.0	monovalent	1	1	0	santalucia-hicks-2004-internal-mismatch-compiled-dimer-gauge-v1	4.47	1e-9	decrease	SLH2004_T2_internal_mismatch_compiled_dimer_gauge	C/T in T/A and A/T flanks
ct_tcc_atg	CCTCCCC	GGATGGG	37	1.0	0.0	0.0	monovalent	1	1	0	santalucia-hicks-2004-internal-mismatch-compiled-dimer-gauge-v1	5.09	1e-9	decrease	SLH2004_T2_internal_mismatch_compiled_dimer_gauge	C/T in T/A and C/G flanks
ct_tcg_atc	CCTCGCC	GGATCGG	37	1.0	0.0	0.0	monovalent	1	1	0	santalucia-hicks-2004-internal-mismatch-compiled-dimer-gauge-v1	4.84	1e-9	decrease	SLH2004_T2_internal_mismatch_compiled_dimer_gauge	C/T in T/A and G/C flanks
ct_tct_ata	CCTCTCC	GGATAGG	37	1.0	0.0	0.0	monovalent	1	1	0	santalucia-hicks-2004-internal-mismatch-compiled-dimer-gauge-v1	4.28	1e-9	decrease	SLH2004_T2_internal_mismatch_compiled_dimer_gauge	C/T in T/A and T/A flanks
ga_aga_tat	CCAGACC	GGTATGG	37	1.0	0.0	0.0	monovalent	1	1	0	santalucia-hicks-2004-internal-mismatch-compiled-dimer-gauge-v1	3.02	1e-9	decrease	SLH2004_T2_internal_mismatch_compiled_dimer_gauge	G/A in A/T and A/T flanks
ga_agc_tag	CCAGCCC	GGTAGGG	37	1.0	0.0	0.0	monovalent	1	1	0	santalucia-hicks-2004-internal-mismatch-compiled-dimer-gauge-v1	3.29	1e-9	decrease	SLH2004_T2_internal_mismatch_compiled_dimer_gauge	G/A in A/T and C/G flanks
ga_agg_tac	CCAGGCC	GGTACGG	37	1.0	0.0	0.0	monovalent	1	1	0	santalucia-hicks-2004-internal-mismatch-compiled-dimer-gauge-v1	3.17	1e-9	decrease	SLH2004_T2_internal_mismatch_compiled_dimer_gauge	G/A in A/T and G/C flanks
ga_agt_taa	CCAGTCC	GGTAAGG	37	1.0	0.0	0.0	monovalent	1	1	0	santalucia-hicks-2004-internal-mismatch-compiled-dimer-gauge-v1	2.88	1e-9	decrease	SLH2004_T2_internal_mismatch_compiled_dimer_gauge	G/A in A/T and T/A flanks
ga_cga_gat	CCCGACC	GGGATGG	37	1.0	0.0	0.0	monovalent	1	1	0	santalucia-hicks-2004-internal-mismatch-compiled-dimer-gauge-v1	4.00	1e-9	decrease	SLH2004_T2_internal_mismatch_compiled_dimer_gauge	G/A in C/G and A/T flanks
ga_cgc_gag	CCCGCCC	GGGAGGG	37	1.0	0.0	0.0	monovalent	1	1	0	santalucia-hicks-2004-internal-mismatch-compiled-dimer-gauge-v1	4.27	1e-9	decrease	SLH2004_T2_internal_mismatch_compiled_dimer_gauge	G/A in C/G and C/G flanks
ga_cgg_gac	CCCGGCC	GGGACGG	37	1.0	0.0	0.0	monovalent	1	1	0	santalucia-hicks-2004-internal-mismatch-compiled-dimer-gauge-v1	4.15	1e-9	decrease	SLH2004_T2_internal_mismatch_compiled_dimer_gauge	G/A in C/G and G/C flanks
ga_cgt_gaa	CCCGTCC	GGGAAGG	37	1.0	0.0	0.0	monovalent	1	1	0	santalucia-hicks-2004-internal-mismatch-compiled-dimer-gauge-v1	3.86	1e-9	decrease	SLH2004_T2_internal_mismatch_compiled_dimer_gauge	G/A in C/G and T/A flanks
ga_gga_cat	CCGGACC	GGCATGG	37	1.0	0.0	0.0	monovalent	1	1	0	santalucia-hicks-2004-internal-mismatch-compiled-dimer-gauge-v1	3.04	1e-9	decrease	SLH2004_T2_internal_mismatch_compiled_dimer_gauge	G/A in G/C and A/T flanks
ga_ggc_cag	CCGGCCC	GGCAGGG	37	1.0	0.0	0.0	monovalent	1	1	0	santalucia-hicks-2004-internal-mismatch-compiled-dimer-gauge-v1	3.31	1e-9	decrease	SLH2004_T2_internal_mismatch_compiled_dimer_gauge	G/A in G/C and C/G flanks
ga_ggg_cac	CCGGGCC	GGCACGG	37	1.0	0.0	0.0	monovalent	1	1	0	santalucia-hicks-2004-internal-mismatch-compiled-dimer-gauge-v1	3.19	1e-9	decrease	SLH2004_T2_internal_mismatch_compiled_dimer_gauge	G/A in G/C and G/C flanks
ga_ggt_caa	CCGGTCC	GGCAAGG	37	1.0	0.0	0.0	monovalent	1	1	0	santalucia-hicks-2004-internal-mismatch-compiled-dimer-gauge-v1	2.90	1e-9	decrease	SLH2004_T2_internal_mismatch_compiled_dimer_gauge	G/A in G/C and T/A flanks
ga_tga_aat	CCTGACC	GGAATGG	37	1.0	0.0	0.0	monovalent	1	1	0	santalucia-hicks-2004-internal-mismatch-compiled-dimer-gauge-v1	3.91	1e-9	decrease	SLH2004_T2_internal_mismatch_compiled_dimer_gauge	G/A in T/A and A/T flanks
ga_tgc_aag	CCTGCCC	GGAAGGG	37	1.0	0.0	0.0	monovalent	1	1	0	santalucia-hicks-2004-internal-mismatch-compiled-dimer-gauge-v1	4.18	1e-9	decrease	SLH2004_T2_internal_mismatch_compiled_dimer_gauge	G/A in T/A and C/G flanks
ga_tgg_aac	CCTGGCC	GGAACGG	37	1.0	0.0	0.0	monovalent	1	1	0	santalucia-hicks-2004-internal-mismatch-compiled-dimer-gauge-v1	4.06	1e-9	decrease	SLH2004_T2_internal_mismatch_compiled_dimer_gauge	G/A in T/A and G/C flanks
ga_tgt_aaa	CCTGTCC	GGAAAGG	37	1.0	0.0	0.0	monovalent	1	1	0	santalucia-hicks-2004-internal-mismatch-compiled-dimer-gauge-v1	3.77	1e-9	decrease	SLH2004_T2_internal_mismatch_compiled_dimer_gauge	G/A in T/A and T/A flanks
gg_aga_tgt	CCAGACC	GGTGTGG	37	1.0	0.0	0.0	monovalent	1	1	0	santalucia-hicks-2004-internal-mismatch-compiled-dimer-gauge-v1	2.89	1e-9	decrease	SLH2004_T2_internal_mismatch_compiled_dimer_gauge	G/G in A/T and A/T flanks
gg_agc_tgg	CCAGCCC	GGTGGGG	37	1.0	0.0	0.0	monovalent	1	1	0	santalucia-hicks-2004-internal-mismatch-compiled-dimer-gauge-v1	2.28	1e-9	decrease	SLH2004_T2_internal_mismatch_compiled_dimer_gauge	G/G in A/T and C/G flanks
gg_agg_tgc	CCAGGCC	GGTGCGG	37	1.0	0.0	0.0	monovalent	1	1	0	santalucia-hicks-2004-internal-mismatch-compiled-dimer-gauge-v1	2.88	1e-9	decrease	SLH2004_T2_internal_mismatch_compiled_dimer_gauge	G/G in A/T and G/C flanks
gg_agt_tga	CCAGTCC	GGTGAGG	37	1.0	0.0	0.0	monovalent	1	1	0	santalucia-hicks-2004-internal-mismatch-compiled-dimer-gauge-v1	2.46	1e-9	decrease	SLH2004_T2_internal_mismatch_compiled_dimer_gauge	G/G in A/T and T/A flanks
gg_cga_ggt	CCCGACC	GGGGTGG	37	1.0	0.0	0.0	monovalent	1	1	0	santalucia-hicks-2004-internal-mismatch-compiled-dimer-gauge-v1	3.80	1e-9	decrease	SLH2004_T2_internal_mismatch_compiled_dimer_gauge	G/G in C/G and A/T flanks
gg_cgc_ggg	CCCGCCC	GGGGGGG	37	1.0	0.0	0.0	monovalent	1	1	0	santalucia-hicks-2004-internal-mismatch-compiled-dimer-gauge-v1	3.19	1e-9	decrease	SLH2004_T2_internal_mismatch_compiled_dimer_gauge	G/G in C/G and C/G flanks
gg_cgg_ggc	CCCGGCC	GGGGCGG	37	1.0	0.0	0.0	monovalent	1	1	0	santalucia-hicks-2004-internal-mismatch-compiled-dimer-gauge-v1	3.79	1e-9	decrease	SLH2004_T2_internal_mismatch_compiled_dimer_gauge	G/G in C/G and G/C flanks
gg_cgt_gga	CCCGTCC	GGGGAGG	37	1.0	0.0	0.0	monovalent	1	1	0	santalucia-hicks-2004-internal-mismatch-compiled-dimer-gauge-v1	3.37	1e-9	decrease	SLH2004_T2_internal_mismatch_compiled_dimer_gauge	G/G in C/G and T/A flanks
gg_gga_cgt	CCGGACC	GGCGTGG	37	1.0	0.0	0.0	monovalent	1	1	0	santalucia-hicks-2004-internal-mismatch-compiled-dimer-gauge-v1	2.47	1e-9	decrease	SLH2004_T2_internal_mismatch_compiled_dimer_gauge	G/G in G/C and A/T flanks
gg_ggc_cgg	CCGGCCC	GGCGGGG	37	1.0	0.0	0.0	monovalent	1	1	0	santalucia-hicks-2004-internal-mismatch-compiled-dimer-gauge-v1	1.86	1e-9	decrease	SLH2004_T2_internal_mismatch_compiled_dimer_gauge	G/G in G/C and C/G flanks
gg_ggg_cgc	CCGGGCC	GGCGCGG	37	1.0	0.0	0.0	monovalent	1	1	0	santalucia-hicks-2004-internal-mismatch-compiled-dimer-gauge-v1	2.46	1e-9	decrease	SLH2004_T2_internal_mismatch_compiled_dimer_gauge	G/G in G/C and G/C flanks
gg_ggt_cga	CCGGTCC	GGCGAGG	37	1.0	0.0	0.0	monovalent	1	1	0	santalucia-hicks-2004-internal-mismatch-compiled-dimer-gauge-v1	2.04	1e-9	decrease	SLH2004_T2_internal_mismatch_compiled_dimer_gauge	G/G in G/C and T/A flanks
gg_tga_agt	CCTGACC	GGAGTGG	37	1.0	0.0	0.0	monovalent	1	1	0	santalucia-hicks-2004-internal-mismatch-compiled-dimer-gauge-v1	3.63	1e-9	decrease	SLH2004_T2_internal_mismatch_compiled_dimer_gauge	G/G in T/A and A/T flanks
gg_tgc_agg	CCTGCCC	GGAGGGG	37	1.0	0.0	0.0	monovalent	1	1	0	santalucia-hicks-2004-internal-mismatch-compiled-dimer-gauge-v1	3.02	1e-9	decrease	SLH2004_T2_internal_mismatch_compiled_dimer_gauge	G/G in T/A and C/G flanks
gg_tgg_agc	CCTGGCC	GGAGCGG	37	1.0	0.0	0.0	monovalent	1	1	0	santalucia-hicks-2004-internal-mismatch-compiled-dimer-gauge-v1	3.62	1e-9	decrease	SLH2004_T2_internal_mismatch_compiled_dimer_gauge	G/G in T/A and G/C flanks
gg_tgt_aga	CCTGTCC	GGAGAGG	37	1.0	0.0	0.0	monovalent	1	1	0	santalucia-hicks-2004-internal-mismatch-compiled-dimer-gauge-v1	3.20	1e-9	decrease	SLH2004_T2_internal_mismatch_compiled_dimer_gauge	G/G in T/A and T/A flanks
gt_aga_ttt	CCAGACC	GGTTTGG	37	1.0	0.0	0.0	monovalent	1	1	0	santalucia-hicks-2004-internal-mismatch-compiled-dimer-gauge-v1	3.63	1e-9	decrease	SLH2004_T2_internal_mismatch_compiled_dimer_gauge	G/T in A/T and A/T flanks
gt_agc_ttg	CCAGCCC	GGTTGGG	37	1.0	0.0	0.0	monovalent	1	1	0	santalucia-hicks-2004-internal-mismatch-compiled-dimer-gauge-v1	3.64	1e-9	decrease	SLH2004_T2_internal_mismatch_compiled_dimer_gauge	G/T in A/T and C/G flanks
gt_agg_ttc	CCAGGCC	GGTTCGG	37	1.0	0.0	0.0	monovalent	1	1	0	santalucia-hicks-2004-internal-mismatch-compiled-dimer-gauge-v1	3.51	1e-9	decrease	SLH2004_T2_internal_mismatch_compiled_dimer_gauge	G/T in A/T and G/C flanks
gt_agt_tta	CCAGTCC	GGTTAGG	37	1.0	0.0	0.0	monovalent	1	1	0	santalucia-hicks-2004-internal-mismatch-compiled-dimer-gauge-v1	3.50	1e-9	decrease	SLH2004_T2_internal_mismatch_compiled_dimer_gauge	G/T in A/T and T/A flanks
gt_cga_gtt	CCCGACC	GGGTTGG	37	1.0	0.0	0.0	monovalent	1	1	0	santalucia-hicks-2004-internal-mismatch-compiled-dimer-gauge-v1	3.34	1e-9	decrease	SLH2004_T2_internal_mismatch_compiled_dimer_gauge	G/T in C/G and A/T flanks
gt_cgc_gtg	CCCGCCC	GGGTGGG	37	1.0	0.0	0.0	monovalent	1	1	0	santalucia-hicks-2004-internal-mismatch-compiled-dimer-gauge-v1	3.35	1e-9	decrease	SLH2004_T2_internal_mismatch_compiled_dimer_gauge	G/T in C/G and C/G flanks
gt_cgg_gtc	CCCGGCC	GGGTCGG	37	1.0	0.0	0.0	monovalent	1	1	0	santalucia-hicks-2004-internal-mismatch-compiled-dimer-gauge-v1	3.22	1e-9	decrease	SLH2004_T2_internal_mismatch_compiled_dimer_gauge	G/T in C/G and G/C flanks
gt_cgt_gta	CCCGTCC	GGGTAGG	37	1.0	0.0	0.0	monovalent	1	1	0	santalucia-hicks-2004-internal-mismatch-compiled-dimer-gauge-v1	3.21	1e-9	decrease	SLH2004_T2_internal_mismatch_compiled_dimer_gauge	G/T in C/G and T/A flanks
gt_gga_ctt	CCGGACC	GGCTTGG	37	1.0	0.0	0.0	monovalent	1	1	0	santalucia-hicks-2004-internal-mismatch-compiled-dimer-gauge-v1	3.56	1e-9	decrease	SLH2004_T2_internal_mismatch_compiled_dimer_gauge	G/T in G/C and A/T flanks
gt_ggc_ctg	CCGGCCC	GGCTGGG	37	1.0	0.0	0.0	monovalent	1	1	0	santalucia-hicks-2004-internal-mismatch-compiled-dimer-gauge-v1	3.57	1e-9	decrease	SLH2004_T2_internal_mismatch_compiled_dimer_gauge	G/T in G/C and C/G flanks
gt_ggg_ctc	CCGGGCC	GGCTCGG	37	1.0	0.0	0.0	monovalent	1	1	0	santalucia-hicks-2004-internal-mismatch-compiled-dimer-gauge-v1	3.44	1e-9	decrease	SLH2004_T2_internal_mismatch_compiled_dimer_gauge	G/T in G/C and G/C flanks
gt_ggt_cta	CCGGTCC	GGCTAGG	37	1.0	0.0	0.0	monovalent	1	1	0	santalucia-hicks-2004-internal-mismatch-compiled-dimer-gauge-v1	3.43	1e-9	decrease	SLH2004_T2_internal_mismatch_compiled_dimer_gauge	G/T in G/C and T/A flanks
gt_tga_att	CCTGACC	GGATTGG	37	1.0	0.0	0.0	monovalent	1	1	0	santalucia-hicks-2004-internal-mismatch-compiled-dimer-gauge-v1	3.52	1e-9	decrease	SLH2004_T2_internal_mismatch_compiled_dimer_gauge	G/T in T/A and A/T flanks
gt_tgc_atg	CCTGCCC	GGATGGG	37	1.0	0.0	0.0	monovalent	1	1	0	santalucia-hicks-2004-internal-mismatch-compiled-dimer-gauge-v1	3.53	1e-9	decrease	SLH2004_T2_internal_mismatch_compiled_dimer_gauge	G/T in T/A and C/G flanks
gt_tgg_atc	CCTGGCC	GGATCGG	37	1.0	0.0	0.0	monovalent	1	1	0	santalucia-hicks-2004-internal-mismatch-compiled-dimer-gauge-v1	3.40	1e-9	decrease	SLH2004_T2_internal_mismatch_compiled_dimer_gauge	G/T in T/A and G/C flanks
gt_tgt_ata	CCTGTCC	GGATAGG	37	1.0	0.0	0.0	monovalent	1	1	0	santalucia-hicks-2004-internal-mismatch-compiled-dimer-gauge-v1	3.39	1e-9	decrease	SLH2004_T2_internal_mismatch_compiled_dimer_gauge	G/T in T/A and T/A flanks
tc_ata_tct	CCATACC	GGTCTGG	37	1.0	0.0	0.0	monovalent	1	1	0	santalucia-hicks-2004-internal-mismatch-compiled-dimer-gauge-v1	3.16	1e-9	decrease	SLH2004_T2_internal_mismatch_compiled_dimer_gauge	T/C in A/T and A/T flanks
tc_atc_tcg	CCATCCC	GGTCGGG	37	1.0	0.0	0.0	monovalent	1	1	0	santalucia-hicks-2004-internal-mismatch-compiled-dimer-gauge-v1	3.53	1e-9	decrease	SLH2004_T2_internal_mismatch_compiled_dimer_gauge	T/C in A/T and C/G flanks
tc_atg_tcc	CCATGCC	GGTCCGG	37	1.0	0.0	0.0	monovalent	1	1	0	santalucia-hicks-2004-internal-mismatch-compiled-dimer-gauge-v1	3.68	1e-9	decrease	SLH2004_T2_internal_mismatch_compiled_dimer_gauge	T/C in A/T and G/C flanks
tc_att_tca	CCATTCC	GGTCAGG	37	1.0	0.0	0.0	monovalent	1	1	0	santalucia-hicks-2004-internal-mismatch-compiled-dimer-gauge-v1	3.25	1e-9	decrease	SLH2004_T2_internal_mismatch_compiled_dimer_gauge	T/C in A/T and T/A flanks
tc_cta_gct	CCCTACC	GGGCTGG	37	1.0	0.0	0.0	monovalent	1	1	0	santalucia-hicks-2004-internal-mismatch-compiled-dimer-gauge-v1	3.23	1e-9	decrease	SLH2004_T2_internal_mismatch_compiled_dimer_gauge	T/C in C/G and A/T flanks
tc_ctc_gcg	CCCTCCC	GGGCGGG	37	1.0	0.0	0.0	monovalent	1	1	0	santalucia-hicks-2004-internal-mismatch-compiled-dimer-gauge-v1	3.60	1e-9	decrease	SLH2004_T2_internal_mismatch_compiled_dimer_gauge	T/C in C/G and C/G flanks
tc_ctg_gcc	CCCTGCC	GGGCCGG	37	1.0	0.0	0.0	monovalent	1	1	0	santalucia-hicks-2004-internal-mismatch-compiled-dimer-gauge-v1	3.75	1e-9	decrease	SLH2004_T2_internal_mismatch_compiled_dimer_gauge	T/C in C/G and G/C flanks
tc_ctt_gca	CCCTTCC	GGGCAGG	37	1.0	0.0	0.0	monovalent	1	1	0	santalucia-hicks-2004-internal-mismatch-compiled-dimer-gauge-v1	3.32	1e-9	decrease	SLH2004_T2_internal_mismatch_compiled_dimer_gauge	T/C in C/G and T/A flanks
tc_gta_cct	CCGTACC	GGCCTGG	37	1.0	0.0	0.0	monovalent	1	1	0	santalucia-hicks-2004-internal-mismatch-compiled-dimer-gauge-v1	3.97	1e-9	decrease	SLH2004_T2_internal_mismatch_compiled_dimer_gauge	T/C in G/C and A/T flanks
tc_gtc_ccg	CCGTCCC	GGCCGGG	37	1.0	0.0	0.0	monovalent	1	1	0	santalucia-hicks-2004-internal-mismatch-compiled-dimer-gauge-v1	4.34	1e-9	decrease	SLH2004_T2_internal_mismatch_compiled_dimer_gauge	T/C in G/C and C/G flanks
tc_gtg_ccc	CCGTGCC	GGCCCGG	37	1.0	0.0	0.0	monovalent	1	1	0	santalucia-hicks-2004-internal-mismatch-compiled-dimer-gauge-v1	4.49	1e-9	decrease	SLH2004_T2_internal_mismatch_compiled_dimer_gauge	T/C in G/C and G/C flanks
tc_gtt_cca	CCGTTCC	GGCCAGG	37	1.0	0.0	0.0	monovalent	1	1	0	santalucia-hicks-2004-internal-mismatch-compiled-dimer-gauge-v1	4.06	1e-9	decrease	SLH2004_T2_internal_mismatch_compiled_dimer_gauge	T/C in G/C and T/A flanks
tc_tta_act	CCTTACC	GGACTGG	37	1.0	0.0	0.0	monovalent	1	1	0	santalucia-hicks-2004-internal-mismatch-compiled-dimer-gauge-v1	3.30	1e-9	decrease	SLH2004_T2_internal_mismatch_compiled_dimer_gauge	T/C in T/A and A/T flanks
tc_ttc_acg	CCTTCCC	GGACGGG	37	1.0	0.0	0.0	monovalent	1	1	0	santalucia-hicks-2004-internal-mismatch-compiled-dimer-gauge-v1	3.67	1e-9	decrease	SLH2004_T2_internal_mismatch_compiled_dimer_gauge	T/C in T/A and C/G flanks
tc_ttg_acc	CCTTGCC	GGACCGG	37	1.0	0.0	0.0	monovalent	1	1	0	santalucia-hicks-2004-internal-mismatch-compiled-dimer-gauge-v1	3.82	1e-9	decrease	SLH2004_T2_internal_mismatch_compiled_dimer_gauge	T/C in T/A and G/C flanks
tc_ttt_aca	CCTTTCC	GGACAGG	37	1.0	0.0	0.0	monovalent	1	1	0	santalucia-hicks-2004-internal-mismatch-compiled-dimer-gauge-v1	3.39	1e-9	decrease	SLH2004_T2_internal_mismatch_compiled_dimer_gauge	T/C in T/A and T/A flanks
tg_ata_tgt	CCATACC	GGTGTGG	37	1.0	0.0	0.0	monovalent	1	1	0	santalucia-hicks-2004-internal-mismatch-compiled-dimer-gauge-v1	1.96	1e-9	decrease	SLH2004_T2_internal_mismatch_compiled_dimer_gauge	T/G in A/T and A/T flanks
tg_atc_tgg	CCATCCC	GGTGGGG	37	1.0	0.0	0.0	monovalent	1	1	0	santalucia-hicks-2004-internal-mismatch-compiled-dimer-gauge-v1	2.33	1e-9	decrease	SLH2004_T2_internal_mismatch_compiled_dimer_gauge	T/G in A/T and C/G flanks
tg_atg_tgc	CCATGCC	GGTGCGG	37	1.0	0.0	0.0	monovalent	1	1	0	santalucia-hicks-2004-internal-mismatch-compiled-dimer-gauge-v1	1.93	1e-9	decrease	SLH2004_T2_internal_mismatch_compiled_dimer_gauge	T/G in A/T and G/C flanks
tg_att_tga	CCATTCC	GGTGAGG	37	1.0	0.0	0.0	monovalent	1	1	0	santalucia-hicks-2004-internal-mismatch-compiled-dimer-gauge-v1	2.66	1e-9	decrease	SLH2004_T2_internal_mismatch_compiled_dimer_gauge	T/G in A/T and T/A flanks
tg_cta_ggt	CCCTACC	GGGGTGG	37	1.0	0.0	0.0	monovalent	1	1	0	santalucia-hicks-2004-internal-mismatch-compiled-dimer-gauge-v1	1.97	1e-9	decrease	SLH2004_T2_internal_mismatch_compiled_dimer_gauge	T/G in C/G and A/T flanks
tg_ctc_ggg	CCCTCCC	GGGGGGG	37	1.0	0.0	0.0	monovalent	1	1	0	santalucia-hicks-2004-internal-mismatch-compiled-dimer-gauge-v1	2.34	1e-9	decrease	SLH2004_T2_internal_mismatch_compiled_dimer_gauge	T/G in C/G and C/G flanks
tg_ctg_ggc	CCCTGCC	GGGGCGG	37	1.0	0.0	0.0	monovalent	1	1	0	santalucia-hicks-2004-internal-mismatch-compiled-dimer-gauge-v1	1.94	1e-9	decrease	SLH2004_T2_internal_mismatch_compiled_dimer_gauge	T/G in C/G and G/C flanks
tg_ctt_gga	CCCTTCC	GGGGAGG	37	1.0	0.0	0.0	monovalent	1	1	0	santalucia-hicks-2004-internal-mismatch-compiled-dimer-gauge-v1	2.67	1e-9	decrease	SLH2004_T2_internal_mismatch_compiled_dimer_gauge	T/G in C/G and T/A flanks
tg_gta_cgt	CCGTACC	GGCGTGG	37	1.0	0.0	0.0	monovalent	1	1	0	santalucia-hicks-2004-internal-mismatch-compiled-dimer-gauge-v1	1.86	1e-9	decrease	SLH2004_T2_internal_mismatch_compiled_dimer_gauge	T/G in G/C and A/T flanks
tg_gtc_cgg	CCGTCCC	GGCGGGG	37	1.0	0.0	0.0	monovalent	1	1	0	santalucia-hicks-2004-internal-mismatch-compiled-dimer-gauge-v1	2.23	1e-9	decrease	SLH2004_T2_internal_mismatch_compiled_dimer_gauge	T/G in G/C and C/G flanks
tg_gtg_cgc	CCGTGCC	GGCGCGG	37	1.0	0.0	0.0	monovalent	1	1	0	santalucia-hicks-2004-internal-mismatch-compiled-dimer-gauge-v1	1.83	1e-9	decrease	SLH2004_T2_internal_mismatch_compiled_dimer_gauge	T/G in G/C and G/C flanks
tg_gtt_cga	CCGTTCC	GGCGAGG	37	1.0	0.0	0.0	monovalent	1	1	0	santalucia-hicks-2004-internal-mismatch-compiled-dimer-gauge-v1	2.56	1e-9	decrease	SLH2004_T2_internal_mismatch_compiled_dimer_gauge	T/G in G/C and T/A flanks
tg_tta_agt	CCTTACC	GGAGTGG	37	1.0	0.0	0.0	monovalent	1	1	0	santalucia-hicks-2004-internal-mismatch-compiled-dimer-gauge-v1	2.35	1e-9	decrease	SLH2004_T2_internal_mismatch_compiled_dimer_gauge	T/G in T/A and A/T flanks
tg_ttc_agg	CCTTCCC	GGAGGGG	37	1.0	0.0	0.0	monovalent	1	1	0	santalucia-hicks-2004-internal-mismatch-compiled-dimer-gauge-v1	2.72	1e-9	decrease	SLH2004_T2_internal_mismatch_compiled_dimer_gauge	T/G in T/A and C/G flanks
tg_ttg_agc	CCTTGCC	GGAGCGG	37	1.0	0.0	0.0	monovalent	1	1	0	santalucia-hicks-2004-internal-mismatch-compiled-dimer-gauge-v1	2.32	1e-9	decrease	SLH2004_T2_internal_mismatch_compiled_dimer_gauge	T/G in T/A and G/C flanks
tg_ttt_aga	CCTTTCC	GGAGAGG	37	1.0	0.0	0.0	monovalent	1	1	0	santalucia-hicks-2004-internal-mismatch-compiled-dimer-gauge-v1	3.05	1e-9	decrease	SLH2004_T2_internal_mismatch_compiled_dimer_gauge	T/G in T/A and T/A flanks
tt_ata_ttt	CCATACC	GGTTTGG	37	1.0	0.0	0.0	monovalent	1	1	0	santalucia-hicks-2004-internal-mismatch-compiled-dimer-gauge-v1	2.83	1e-9	decrease	SLH2004_T2_internal_mismatch_compiled_dimer_gauge	T/T in A/T and A/T flanks
tt_atc_ttg	CCATCCC	GGTTGGG	37	1.0	0.0	0.0	monovalent	1	1	0	santalucia-hicks-2004-internal-mismatch-compiled-dimer-gauge-v1	3.32	1e-9	decrease	SLH2004_T2_internal_mismatch_compiled_dimer_gauge	T/T in A/T and C/G flanks
tt_atg_ttc	CCATGCC	GGTTCGG	37	1.0	0.0	0.0	monovalent	1	1	0	santalucia-hicks-2004-internal-mismatch-compiled-dimer-gauge-v1	2.90	1e-9	decrease	SLH2004_T2_internal_mismatch_compiled_dimer_gauge	T/T in A/T and G/C flanks
tt_att_tta	CCATTCC	GGTTAGG	37	1.0	0.0	0.0	monovalent	1	1	0	santalucia-hicks-2004-internal-mismatch-compiled-dimer-gauge-v1	3.26	1e-9	decrease	SLH2004_T2_internal_mismatch_compiled_dimer_gauge	T/T in A/T and T/A flanks
tt_cta_gtt	CCCTACC	GGGTTGG	37	1.0	0.0	0.0	monovalent	1	1	0	santalucia-hicks-2004-internal-mismatch-compiled-dimer-gauge-v1	2.42	1e-9	decrease	SLH2004_T2_internal_mismatch_compiled_dimer_gauge	T/T in C/G and A/T flanks
tt_ctc_gtg	CCCTCCC	GGGTGGG	37	1.0	0.0	0.0	monovalent	1	1	0	santalucia-hicks-2004-internal-mismatch-compiled-dimer-gauge-v1	2.91	1e-9	decrease	SLH2004_T2_internal_mismatch_compiled_dimer_gauge	T/T in C/G and C/G flanks
tt_ctg_gtc	CCCTGCC	GGGTCGG	37	1.0	0.0	0.0	monovalent	1	1	0	santalucia-hicks-2004-internal-mismatch-compiled-dimer-gauge-v1	2.49	1e-9	decrease	SLH2004_T2_internal_mismatch_compiled_dimer_gauge	T/T in C/G and G/C flanks
tt_ctt_gta	CCCTTCC	GGGTAGG	37	1.0	0.0	0.0	monovalent	1	1	0	santalucia-hicks-2004-internal-mismatch-compiled-dimer-gauge-v1	2.85	1e-9	decrease	SLH2004_T2_internal_mismatch_compiled_dimer_gauge	T/T in C/G and T/A flanks
tt_gta_ctt	CCGTACC	GGCTTGG	37	1.0	0.0	0.0	monovalent	1	1	0	santalucia-hicks-2004-internal-mismatch-compiled-dimer-gauge-v1	3.15	1e-9	decrease	SLH2004_T2_internal_mismatch_compiled_dimer_gauge	T/T in G/C and A/T flanks
tt_gtc_ctg	CCGTCCC	GGCTGGG	37	1.0	0.0	0.0	monovalent	1	1	0	santalucia-hicks-2004-internal-mismatch-compiled-dimer-gauge-v1	3.64	1e-9	decrease	SLH2004_T2_internal_mismatch_compiled_dimer_gauge	T/T in G/C and C/G flanks
tt_gtg_ctc	CCGTGCC	GGCTCGG	37	1.0	0.0	0.0	monovalent	1	1	0	santalucia-hicks-2004-internal-mismatch-compiled-dimer-gauge-v1	3.22	1e-9	decrease	SLH2004_T2_internal_mismatch_compiled_dimer_gauge	T/T in G/C and G/C flanks
tt_gtt_cta	CCGTTCC	GGCTAGG	37	1.0	0.0	0.0	monovalent	1	1	0	santalucia-hicks-2004-internal-mismatch-compiled-dimer-gauge-v1	3.58	1e-9	decrease	SLH2004_T2_internal_mismatch_compiled_dimer_gauge	T/T in G/C and T/A flanks
tt_tta_att	CCTTACC	GGATTGG	37	1.0	0.0	0.0	monovalent	1	1	0	santalucia-hicks-2004-internal-mismatch-compiled-dimer-gauge-v1	2.94	1e-9	decrease	SLH2004_T2_internal_mismatch_compiled_dimer_gauge	T/T in T/A and A/T flanks
tt_ttc_atg	CCTTCCC	GGATGGG	37	1.0	0.0	0.0	monovalent	1	1	0	santalucia-hicks-2004-internal-mismatch-compiled-dimer-gauge-v1	3.43	1e-9	decrease	SLH2004_T2_internal_mismatch_compiled_dimer_gauge	T/T in T/A and C/G flanks
tt_ttg_atc	CCTTGCC	GGATCGG	37	1.0	0.0	0.0	monovalent	1	1	0	santalucia-hicks-2004-internal-mismatch-compiled-dimer-gauge-v1	3.01	1e-9	decrease	SLH2004_T2_internal_mismatch_compiled_dimer_gauge	T/T in T/A and G/C flanks
tt_ttt_ata	CCTTTCC	GGATAGG	37	1.0	0.0	0.0	monovalent	1	1	0	santalucia-hicks-2004-internal-mismatch-compiled-dimer-gauge-v1	3.37	1e-9	decrease	SLH2004_T2_internal_mismatch_compiled_dimer_gauge	T/T in T/A and T/A flanks
